[    0.000000] Initializing cgroup subsys cpuset
[    0.000000] Initializing cgroup subsys cpu
[    0.000000] Initializing cgroup subsys cpuacct
[    0.000000] Linux version 4.4.0-210-generic (buildd@lgw01-amd64-009) (gcc version 5.4.0 20160609 (Ubuntu 5.4.0-6ubuntu1~16.04.12) ) #242-Ubuntu SMP Fri Apr 16 09:57:56 UTC 2021 (Ubuntu 4.4.0-210.242-generic 4.4.262)
[    0.000000] Command line: BOOT_IMAGE=/boot/vmlinuz-4.4.0-210-generic root=LABEL=cloudimg-rootfs ro console=tty1 console=ttyS0
[    0.000000] KERNEL supported cpus:
[    0.000000]   Intel GenuineIntel
[    0.000000]   AMD AuthenticAMD
[    0.000000]   Centaur CentaurHauls
[    0.000000] x86/fpu: xstate_offset[2]:  576, xstate_sizes[2]:  256
[    0.000000] x86/fpu: Supporting XSAVE feature 0x01: 'x87 floating point registers'
[    0.000000] x86/fpu: Supporting XSAVE feature 0x02: 'SSE registers'
[    0.000000] x86/fpu: Supporting XSAVE feature 0x04: 'AVX registers'
[    0.000000] x86/fpu: Enabled xstate features 0x7, context size is 832 bytes, using 'standard' format.
[    0.000000] e820: BIOS-provided physical RAM map:
[    0.000000] BIOS-e820: [mem 0x0000000000000000-0x000000000009fbff] usable
[    0.000000] BIOS-e820: [mem 0x000000000009fc00-0x000000000009ffff] reserved
[    0.000000] BIOS-e820: [mem 0x00000000000f0000-0x00000000000fffff] reserved
[    0.000000] BIOS-e820: [mem 0x0000000000100000-0x000000003ffeffff] usable
[    0.000000] BIOS-e820: [mem 0x000000003fff0000-0x000000003fffffff] ACPI data
[    0.000000] BIOS-e820: [mem 0x00000000fec00000-0x00000000fec00fff] reserved
[    0.000000] BIOS-e820: [mem 0x00000000fee00000-0x00000000fee00fff] reserved
[    0.000000] BIOS-e820: [mem 0x00000000fffc0000-0x00000000ffffffff] reserved
[    0.000000] NX (Execute Disable) protection: active
[    0.000000] SMBIOS 2.5 present.
[    0.000000] Hypervisor detected: KVM
[    0.000000] e820: last_pfn = 0x3fff0 max_arch_pfn = 0x400000000
[    0.000000] MTRR: Disabled
[    0.000000] x86/PAT: MTRRs disabled, skipping PAT initialization too.
[    0.000000] CPU MTRRs all blank - virtualized system.
[    0.000000] x86/PAT: Configuration [0-7]: WB  WT  UC- UC  WB  WT  UC- UC  
[    0.000000] found SMP MP-table at [mem 0x0009fff0-0x0009ffff] mapped at [ffff88000009fff0]
[    0.000000] Scanning 1 areas for low memory corruption
[    0.000000] RAMDISK: [mem 0x362dc000-0x37165fff]
[    0.000000] ACPI: Early table checksum verification disabled
[    0.000000] ACPI: RSDP 0x00000000000E0000 000024 (v02 VBOX  )
[    0.000000] ACPI: XSDT 0x000000003FFF0030 00003C (v01 VBOX   VBOXXSDT 00000001 ASL  00000061)
[    0.000000] ACPI: FACP 0x000000003FFF00F0 0000F4 (v04 VBOX   VBOXFACP 00000001 ASL  00000061)
[    0.000000] ACPI: DSDT 0x000000003FFF0470 002325 (v02 VBOX   VBOXBIOS 00000002 INTL 20100528)
[    0.000000] ACPI: FACS 0x000000003FFF0200 000040
[    0.000000] ACPI: FACS 0x000000003FFF0200 000040
[    0.000000] ACPI: APIC 0x000000003FFF0240 00005C (v02 VBOX   VBOXAPIC 00000001 ASL  00000061)
[    0.000000] ACPI: SSDT 0x000000003FFF02A0 0001CC (v01 VBOX   VBOXCPUT 00000002 INTL 20100528)
[    0.000000] No NUMA configuration found
[    0.000000] Faking a node at [mem 0x0000000000000000-0x000000003ffeffff]
[    0.000000] NODE_DATA(0) allocated [mem 0x3ffeb000-0x3ffeffff]
[    0.000000] kvm-clock: Using msrs 4b564d01 and 4b564d00
[    0.000000] kvm-clock: cpu 0, msr 0:3ffe3001, primary cpu clock
[    0.000000] kvm-clock: using sched offset of 3582371395 cycles
[    0.000000] clocksource: kvm-clock: mask: 0xffffffffffffffff max_cycles: 0x1cd42e4dffb, max_idle_ns: 881590591483 ns
[    0.000000] Zone ranges:
[    0.000000]   DMA      [mem 0x0000000000001000-0x0000000000ffffff]
[    0.000000]   DMA32    [mem 0x0000000001000000-0x000000003ffeffff]
[    0.000000]   Normal   empty
[    0.000000]   Device   empty
[    0.000000] Movable zone start for each node
[    0.000000] Early memory node ranges
[    0.000000]   node   0: [mem 0x0000000000001000-0x000000000009efff]
[    0.000000]   node   0: [mem 0x0000000000100000-0x000000003ffeffff]
[    0.000000] Initmem setup node 0 [mem 0x0000000000001000-0x000000003ffeffff]
[    0.000000] ACPI: PM-Timer IO Port: 0x4008
[    0.000000] IOAPIC[0]: apic_id 2, version 32, address 0xfec00000, GSI 0-23
[    0.000000] ACPI: INT_SRC_OVR (bus 0 bus_irq 0 global_irq 2 dfl dfl)
[    0.000000] ACPI: INT_SRC_OVR (bus 0 bus_irq 9 global_irq 9 low level)
[    0.000000] Using ACPI (MADT) for SMP configuration information
[    0.000000] smpboot: Allowing 2 CPUs, 0 hotplug CPUs
[    0.000000] PM: Registered nosave memory: [mem 0x00000000-0x00000fff]
[    0.000000] PM: Registered nosave memory: [mem 0x0009f000-0x0009ffff]
[    0.000000] PM: Registered nosave memory: [mem 0x000a0000-0x000effff]
[    0.000000] PM: Registered nosave memory: [mem 0x000f0000-0x000fffff]
[    0.000000] e820: [mem 0x40000000-0xfebfffff] available for PCI devices
[    0.000000] Booting paravirtualized kernel on KVM
[    0.000000] clocksource: refined-jiffies: mask: 0xffffffff max_cycles: 0xffffffff, max_idle_ns: 7645519600211568 ns
[    0.000000] setup_percpu: NR_CPUS:512 nr_cpumask_bits:512 nr_cpu_ids:2 nr_node_ids:1
[    0.000000] PERCPU: Embedded 33 pages/cpu @ffff88003fc00000 s95192 r8192 d31784 u1048576
[    0.000000] Built 1 zonelists in Node order, mobility grouping on.  Total pages: 257912
[    0.000000] Policy zone: DMA32
[    0.000000] Kernel command line: BOOT_IMAGE=/boot/vmlinuz-4.4.0-210-generic root=LABEL=cloudimg-rootfs ro console=tty1 console=ttyS0
[    0.000000] PID hash table entries: 4096 (order: 3, 32768 bytes)
[    0.000000] Memory: 997792K/1048120K available (8644K kernel code, 1332K rwdata, 4044K rodata, 1492K init, 1164K bss, 50328K reserved, 0K cma-reserved)
[    0.000000] SLUB: HWalign=64, Order=0-3, MinObjects=0, CPUs=2, Nodes=1
[    0.000000] Kernel/User page tables isolation: enabled
[    0.000000] Hierarchical RCU implementation.
[    0.000000] 	Build-time adjustment of leaf fanout to 64.
[    0.000000] 	RCU restricting CPUs from NR_CPUS=512 to nr_cpu_ids=2.
[    0.000000] RCU: Adjusting geometry for rcu_fanout_leaf=64, nr_cpu_ids=2
[    0.000000] NR_IRQS:33024 nr_irqs:440 16
[    0.000000] Console: colour VGA+ 80x25
[    0.000000] console [tty1] enabled
[    0.000000] console [ttyS0] enabled
[    0.000000] tsc: Detected 2494.222 MHz processor
[    0.170250] Calibrating delay loop (skipped) preset value.. 4988.44 BogoMIPS (lpj=9976888)
[    0.172244] pid_max: default: 32768 minimum: 301
[    0.173422] ACPI: Core revision 20150930
[    0.175482] ACPI: 2 ACPI AML tables successfully acquired and loaded
[    0.177013] Security Framework initialized
[    0.177977] Yama: becoming mindful.
[    0.178862] AppArmor: AppArmor initialized
[    0.179916] Dentry cache hash table entries: 131072 (order: 8, 1048576 bytes)
[    0.185601] Inode-cache hash table entries: 65536 (order: 7, 524288 bytes)
[    0.187124] Mount-cache hash table entries: 2048 (order: 2, 16384 bytes)
[    0.188524] Mountpoint-cache hash table entries: 2048 (order: 2, 16384 bytes)
[    0.190349] Initializing cgroup subsys io
[    0.191308] Initializing cgroup subsys memory
[    0.192318] Initializing cgroup subsys devices
[    0.193420] Initializing cgroup subsys freezer
[    0.194440] Initializing cgroup subsys net_cls
[    0.195459] Initializing cgroup subsys perf_event
[    0.196539] Initializing cgroup subsys net_prio
[    0.197697] Initializing cgroup subsys hugetlb
[    0.198722] Initializing cgroup subsys pids
[    0.200738] mce: CPU supports 0 MCE banks
[    0.201725] Last level iTLB entries: 4KB 1024, 2MB 1024, 4MB 1024
[    0.203048] Last level dTLB entries: 4KB 1024, 2MB 1024, 4MB 1024, 1GB 4
[    0.204823] Spectre V1 : Mitigation: usercopy/swapgs barriers and __user pointer sanitization
[    0.206849] Spectre V2 : Mitigation: Full generic retpoline
[    0.208107] Spectre V2 : Spectre v2 / SpectreRSB mitigation: Filling RSB on context switch
[    0.210069] Speculative Store Bypass: Vulnerable
[    0.211127] SRBDS: Unknown: Dependent on hypervisor status
[    0.212439] MDS: Mitigation: Clear CPU buffers
[    0.216871] Freeing SMP alternatives memory: 36K
[    0.225092] ftrace: allocating 32380 entries in 127 pages
[    0.292777] smpboot: APIC(0) Converting physical 0 to logical package 0
[    0.294602] smpboot: Max logical packages: 1
[    0.295990] x2apic enabled
[    0.297135] Switched APIC routing to physical x2apic.
[    0.299737] ..TIMER: vector=0x30 apic1=0 pin1=2 apic2=-1 pin2=-1
[    0.409296] smpboot: CPU0: Intel(R) Core(TM) i5-4300U CPU @ 1.90GHz (family: 0x6, model: 0x45, stepping: 0x1)
[    0.412010] Performance Events: unsupported p6 CPU model 69 no PMU driver, software events only.
[    0.427394] KVM setup paravirtual spinlock
[    0.429274] x86: Booting SMP configuration:
[    0.430618] .... node  #0, CPUs:      #1
[    0.431856] kvm-clock: cpu 1, msr 0:3ffe3041, secondary cpu clock
[    0.434205] mce: CPU supports 0 MCE banks
[    0.437086] x86: Booted up 1 node, 2 CPUs
[    0.438558] smpboot: Total of 2 processors activated (9976.88 BogoMIPS)
[    0.440747] devtmpfs: initialized
[    0.443177] evm: security.selinux
[    0.444098] evm: security.SMACK64
[    0.445096] evm: security.SMACK64EXEC
[    0.446237] evm: security.SMACK64TRANSMUTE
[    0.447795] evm: security.SMACK64MMAP
[    0.448759] evm: security.ima
[    0.449656] evm: security.capability
[    0.450960] clocksource: jiffies: mask: 0xffffffff max_cycles: 0xffffffff, max_idle_ns: 7645041785100000 ns
[    0.453403] futex hash table entries: 512 (order: 3, 32768 bytes)
[    0.455105] pinctrl core: initialized pinctrl subsystem
[    0.456532] RTC time: 14:57:46, date: 08/29/21
[    0.458008] NET: Registered protocol family 16
[    0.470711] cpuidle: using governor ladder
[    0.482696] cpuidle: using governor menu
[    0.484021] PCCT header not found.
[    0.485028] ACPI: bus type PCI registered
[    0.486060] acpiphp: ACPI Hot Plug PCI Controller Driver version: 0.5
[    0.487589] PCI: Using configuration type 1 for base access
[    0.504046] ACPI: Added _OSI(Module Device)
[    0.505245] ACPI: Added _OSI(Processor Device)
[    0.506358] ACPI: Added _OSI(3.0 _SCP Extensions)
[    0.507436] ACPI: Added _OSI(Processor Aggregator Device)
[    0.509462] ACPI: Executed 1 blocks of module-level executable AML code
[    0.513195] ACPI: Interpreter enabled
[    0.514276] ACPI: (supports S0 S5)
[    0.515203] ACPI: Using IOAPIC for interrupt routing
[    0.516590] PCI: Using host bridge windows from ACPI; if necessary, use "pci=nocrs" and report a bug
[    0.522759] ACPI: PCI Root Bridge [PCI0] (domain 0000 [bus 00-ff])
[    0.524256] acpi PNP0A03:00: _OSC: OS supports [ASPM ClockPM Segments MSI]
[    0.526359] acpi PNP0A03:00: _OSC: not requesting OS control; OS requires [ExtendedConfig ASPM ClockPM MSI]
[    0.528765] acpi PNP0A03:00: fail to add MMCONFIG information, can't access extended PCI configuration space under this bridge.
[    0.532143] PCI host bridge to bus 0000:00
[    0.533256] pci_bus 0000:00: root bus resource [io  0x0000-0x0cf7 window]
[    0.534983] pci_bus 0000:00: root bus resource [io  0x0d00-0xffff window]
[    0.536626] pci_bus 0000:00: root bus resource [mem 0x000a0000-0x000bffff window]
[    0.538600] pci_bus 0000:00: root bus resource [mem 0x40000000-0xfdffffff window]
[    0.540800] pci_bus 0000:00: root bus resource [bus 00-ff]
[    0.544179] pci 0000:00:01.1: legacy IDE quirk: reg 0x10: [io  0x01f0-0x01f7]
[    0.545948] pci 0000:00:01.1: legacy IDE quirk: reg 0x14: [io  0x03f6]
[    0.547650] pci 0000:00:01.1: legacy IDE quirk: reg 0x18: [io  0x0170-0x0177]
[    0.559306] pci 0000:00:01.1: legacy IDE quirk: reg 0x1c: [io  0x0376]
[    0.584308] pci 0000:00:07.0: quirk: [io  0x4000-0x403f] claimed by PIIX4 ACPI
[    0.586394] pci 0000:00:07.0: quirk: [io  0x4100-0x410f] claimed by PIIX4 SMB
[    0.602803] ACPI: PCI Interrupt Link [LNKA] (IRQs 5 9 10 *11)
[    0.604760] ACPI: PCI Interrupt Link [LNKB] (IRQs 5 9 *10 11)
[    0.606583] ACPI: PCI Interrupt Link [LNKC] (IRQs 5 *9 10 11)
[    0.608340] ACPI: PCI Interrupt Link [LNKD] (IRQs 5 9 10 *11)
[    0.610202] ACPI: Enabled 2 GPEs in block 00 to 07
[    0.611829] vgaarb: setting as boot device: PCI:0000:00:02.0
[    0.613086] vgaarb: device added: PCI:0000:00:02.0,decodes=io+mem,owns=io+mem,locks=none
[    0.615074] vgaarb: loaded
[    0.615814] vgaarb: bridge control possible 0000:00:02.0
[    0.617282] SCSI subsystem initialized
[    0.618465] ACPI: bus type USB registered
[    0.619461] usbcore: registered new interface driver usbfs
[    0.620690] usbcore: registered new interface driver hub
[    0.621922] usbcore: registered new device driver usb
[    0.627363] PCI: Using ACPI for IRQ routing
[    0.628764] NetLabel: Initializing
[    0.629644] NetLabel:  domain hash size = 128
[    0.630735] NetLabel:  protocols = UNLABELED CIPSOv4
[    0.631881] NetLabel:  unlabeled traffic allowed by default
[    0.633277] amd_nb: Cannot enumerate AMD northbridges
[    0.634533] clocksource: Switched to clocksource kvm-clock
[    0.650362] AppArmor: AppArmor Filesystem Enabled
[    0.651726] pnp: PnP ACPI init
[    0.653462] pnp: PnP ACPI: found 3 devices
[    0.666504] clocksource: acpi_pm: mask: 0xffffff max_cycles: 0xffffff, max_idle_ns: 2085701024 ns
[    0.668748] NET: Registered protocol family 2
[    0.670082] TCP established hash table entries: 8192 (order: 4, 65536 bytes)
[    0.671839] TCP bind hash table entries: 8192 (order: 5, 131072 bytes)
[    0.673384] TCP: Hash tables configured (established 8192 bind 8192)
[    0.674967] UDP hash table entries: 512 (order: 2, 16384 bytes)
[    0.676540] UDP-Lite hash table entries: 512 (order: 2, 16384 bytes)
[    0.678096] NET: Registered protocol family 1
[    0.679278] pci 0000:00:00.0: Limiting direct PCI/PCI transfers
[    0.680875] pci 0000:00:01.0: Activating ISA DMA hang workarounds
[    0.682528] Unpacking initramfs...
[    1.107888] Freeing initrd memory: 14888K
[    1.110792] RAPL PMU detected, API unit is 2^-32 Joules, 4 fixed counters 10737418240 ms ovfl timer
[    1.114278] hw unit of domain pp0-core 2^-0 Joules
[    1.117092] hw unit of domain package 2^-0 Joules
[    1.118732] hw unit of domain dram 2^-0 Joules
[    1.120355] hw unit of domain pp1-gpu 2^-0 Joules
[    1.121928] clocksource: tsc: mask: 0xffffffffffffffff max_cycles: 0x23f3e76dd04, max_idle_ns: 440795285707 ns
[    1.125483] platform rtc_cmos: registered platform RTC device (no PNP device found)
[    1.128306] Scanning for low memory corruption every 60 seconds
[    1.131363] audit: initializing netlink subsys (disabled)
[    1.133323] audit: type=2000 audit(1630249071.471:1): initialized
[    1.135934] Initialise system trusted keyring
[    1.137704] HugeTLB registered 2 MB page size, pre-allocated 0 pages
[    1.142110] zbud: loaded
[    1.144207] VFS: Disk quotas dquot_6.6.0
[    1.145864] VFS: Dquot-cache hash table entries: 512 (order 0, 4096 bytes)
[    1.148789] squashfs: version 4.0 (2009/01/31) Phillip Lougher
[    1.155617] fuse init (API version 7.23)
[    1.157390] Key type big_key registered
[    1.158577] Allocating IMA MOK and blacklist keyrings.
[    1.161577] Key type asymmetric registered
[    1.163044] Asymmetric key parser 'x509' registered
[    1.164737] Block layer SCSI generic (bsg) driver version 0.4 loaded (major 249)
[    1.167463] io scheduler noop registered
[    1.168641] io scheduler deadline registered (default)
[    1.170256] io scheduler cfq registered
[    1.171964] pci_hotplug: PCI Hot Plug PCI Core version: 0.5
[    1.173976] pciehp: PCI Express Hot Plug Controller Driver version: 0.4
[    1.177124] ACPI: AC Adapter [AC] (on-line)
[    1.178647] input: Power Button as /devices/LNXSYSTM:00/LNXPWRBN:00/input/input0
[    1.181069] ACPI: Power Button [PWRF]
[    1.182101] input: Sleep Button as /devices/LNXSYSTM:00/LNXSLPBN:00/input/input1
[    1.183941] ACPI: Sleep Button [SLPF]
[    1.185090] GHES: HEST is not enabled!
[    1.186885] ACPI: Battery Slot [BAT0] (battery present)
[    1.188726] Serial: 8250/16550 driver, 32 ports, IRQ sharing enabled
[    1.210994] 00:02: ttyS0 at I/O 0x3f8 (irq = 4, base_baud = 115200) is a 16550A
[    1.215859] Linux agpgart interface v0.103
[    1.219915] loop: module loaded
[    1.222144] scsi host0: ata_piix
[    1.223618] scsi host1: ata_piix
[    1.224674] ata1: PATA max UDMA/33 cmd 0x1f0 ctl 0x3f6 bmdma 0xd000 irq 14
[    1.226575] ata2: PATA max UDMA/33 cmd 0x170 ctl 0x376 bmdma 0xd008 irq 15
[    1.229016] libphy: Fixed MDIO Bus: probed
[    1.231445] tun: Universal TUN/TAP device driver, 1.6
[    1.233346] tun: (C) 1999-2004 Max Krasnyansky <maxk@qualcomm.com>
[    1.235286] PPP generic driver version 2.4.2
[    1.236742] ehci_hcd: USB 2.0 'Enhanced' Host Controller (EHCI) Driver
[    1.238542] ehci-pci: EHCI PCI platform driver
[    1.240085] ehci-platform: EHCI generic platform driver
[    1.241782] ohci_hcd: USB 1.1 'Open' Host Controller (OHCI) Driver
[    1.245838] ohci-pci: OHCI PCI platform driver
[    1.247637] ohci-platform: OHCI generic platform driver
[    1.249317] uhci_hcd: USB Universal Host Controller Interface driver
[    1.251374] i8042: PNP: PS/2 Controller [PNP0303:PS2K,PNP0f03:PS2M] at 0x60,0x64 irq 1,12
[    1.254593] serio: i8042 KBD port at 0x60,0x64 irq 1
[    1.256450] serio: i8042 AUX port at 0x60,0x64 irq 12
[    1.258351] mousedev: PS/2 mouse device common for all mice
[    1.262178] input: AT Translated Set 2 keyboard as /devices/platform/i8042/serio0/input/input2
[    1.266437] rtc_cmos rtc_cmos: rtc core: registered rtc_cmos as rtc0
[    1.268862] rtc_cmos rtc_cmos: alarms up to one day, 114 bytes nvram
[    1.270996] i2c /dev entries driver
[    1.272561] device-mapper: uevent: version 1.0.3
[    1.274030] device-mapper: ioctl: 4.34.0-ioctl (2015-10-28) initialised: dm-devel@redhat.com
[    1.276962] ledtrig-cpu: registered to indicate activity on CPUs
[    1.280133] NET: Registered protocol family 10
[    1.281872] NET: Registered protocol family 17
[    1.283440] Key type dns_resolver registered
[    1.285210] registered taskstats version 1
[    1.286485] Loading compiled-in X.509 certificates
[    1.289274] Loaded X.509 cert 'Build time autogenerated kernel key: cf00e047681d67edb2720680708b7d9498083038'
[    1.292660] zswap: loaded using pool lzo/zbud
[    1.296262] Key type trusted registered
[    1.303031] Key type encrypted registered
[    1.304564] AppArmor: AppArmor sha1 policy hashing enabled
[    1.306259] ima: No TPM chip found, activating TPM-bypass!
[    1.308123] ima: Allocated hash algorithm: sha1
[    1.309652] evm: HMAC attrs: 0x1
[    1.311514]   Magic number: 1:121:992
[    1.312983] rtc_cmos rtc_cmos: setting system clock to 2021-08-29 14:57:46 UTC (1630249066)
[    1.316341] BIOS EDD facility v0.16 2004-Jun-25, 0 devices found
[    1.318325] EDD information not available.
[    1.411561] Freeing unused kernel memory: 1492K
[    1.412676] Write protecting the kernel read-only data: 14336k
[    1.414629] Freeing unused kernel memory: 1584K
[    1.415960] Freeing unused kernel memory: 52K
Loading, please wait...
starting version 229
[    1.433036] random: systemd-udevd: uninitialized urandom read (16 bytes read, 2 bits of entropy available)
[    1.433915] random: udevadm: uninitialized urandom read (16 bytes read, 2 bits of entropy available)
[    1.433943] random: udevadm: uninitialized urandom read (16 bytes read, 2 bits of entropy available)
[    1.442576] random: systemd-udevd: uninitialized urandom read (16 bytes read, 2 bits of entropy available)
[    1.445310] random: udevadm: uninitialized urandom read (16 bytes read, 2 bits of entropy available)
[    1.445360] random: udevadm: uninitialized urandom read (16 bytes read, 2 bits of entropy available)
[    1.445515] random: udevadm: uninitialized urandom read (16 bytes read, 2 bits of entropy available)
[    1.445571] random: udevadm: uninitialized urandom read (16 bytes read, 2 bits of entropy available)
[    1.445625] random: udevadm: uninitialized urandom read (16 bytes read, 2 bits of entropy available)
[    1.445681] random: udevadm: uninitialized urandom read (16 bytes read, 2 bits of entropy available)
[    1.504483] Fusion MPT base driver 3.04.20
[    1.505858] Copyright (c) 1999-2008 LSI Corporation
[    1.510938] e1000: Intel(R) PRO/1000 Network Driver - version 7.3.21-k8-NAPI
[    1.512848] e1000: Copyright (c) 1999-2006 Intel Corporation.
[    1.541135] AVX2 version of gcm_enc/dec engaged.
[    1.542720] AES CTR mode by8 optimization enabled
[    1.559189] Fusion MPT SPI Host driver 3.04.20
[    1.744658] input: ImExPS/2 Generic Explorer Mouse as /devices/platform/i8042/serio1/input/input4
[    2.148697] e1000 0000:00:03.0 eth0: (PCI:33MHz:32-bit) 02:a0:46:b5:71:eb
[    2.165789] e1000 0000:00:03.0 eth0: Intel(R) PRO/1000 Network Connection
[    3.051765] e1000 0000:00:08.0 eth1: (PCI:33MHz:32-bit) 08:00:27:f7:91:a2
[    3.054336] e1000 0000:00:08.0 eth1: Intel(R) PRO/1000 Network Connection
[    3.058191] e1000 0000:00:03.0 enp0s3: renamed from eth0
[    3.059995] mptbase: ioc0: Initiating bringup
[    3.076468] e1000 0000:00:08.0 enp0s8: renamed from eth1
[    3.122789] ioc0: LSI53C1030 A0: Capabilities={Initiator}
[    3.290406] scsi host2: ioc0: LSI53C1030 A0, FwRev=00000000h, Ports=1, MaxQ=256, IRQ=20
[    3.412166] scsi 2:0:0:0: Direct-Access     VBOX     HARDDISK         1.0  PQ: 0 ANSI: 5
[    3.442657] scsi target2:0:0: Beginning Domain Validation
[    3.446748] scsi target2:0:0: Domain Validation skipping write tests
[    3.448523] scsi target2:0:0: Ending Domain Validation
[    3.450210] scsi target2:0:0: asynchronous
[    3.452408] scsi 2:0:1:0: Direct-Access     VBOX     HARDDISK         1.0  PQ: 0 ANSI: 5
[    3.454957] scsi target2:0:1: Beginning Domain Validation
[    3.459366] scsi target2:0:1: Domain Validation skipping write tests
[    3.461388] scsi target2:0:1: Ending Domain Validation
[    3.463334] scsi target2:0:1: asynchronous
[    3.474178] sd 2:0:0:0: [sda] 83886080 512-byte logical blocks: (42.9 GB/40.0 GiB)
[    3.476542] sd 2:0:0:0: Attached scsi generic sg0 type 0
[    3.478771] sd 2:0:1:0: [sdb] 20480 512-byte logical blocks: (10.5 MB/10.0 MiB)
[    3.480981] sd 2:0:0:0: [sda] Write Protect is off
[    3.482495] sd 2:0:1:0: Attached scsi generic sg1 type 0
[    3.484278] sd 2:0:1:0: [sdb] Write Protect is off
[    3.485904] sd 2:0:0:0: [sda] Incomplete mode parameter data
[    3.487965] sd 2:0:0:0: [sda] Assuming drive cache: write through
[    3.490103] sd 2:0:1:0: [sdb] Incomplete mode parameter data
[    3.492001] sd 2:0:1:0: [sdb] Assuming drive cache: write through
[    3.502480]  sda: sda1
[    3.504757] sd 2:0:0:0: [sda] Attached SCSI disk
[    3.512262] sd 2:0:1:0: [sdb] Attached SCSI disk
